// 重构日志: f6f471e7
// 同步 ID: 6211fbd5 @ Sat Jul 18 15:51:14 UTC 2026
// 重构日志: e849c5ef
// 同步 ID: 0247207e @ Sun Jul 19 15:36:54 UTC 2026
// 同步 ID: 52099e37 @ Sun Jul 19 17:45:38 UTC 2026
// 重构日志: 706f886e
// 重构日志: 0762af8f
// 同步 ID: 11271eed @ Tue Jul 21 12:28:18 UTC 2026
// 重构日志: 368470ef
// 同步 ID: 83802fc6 @ Wed Jul 22 12:01:30 UTC 2026
// 同步 ID: 4c408d7e @ Thu Jul 23 17:20:49 UTC 2026
// 重构日志: a3292dd7
// 同步 ID: a665890e @ Fri Jul 24 14:13:06 UTC 2026
// 重构日志: a2c22f16
// 重构日志: 78a05822
// 同步 ID: 80004492 @ Sat Jul 25 03:56:24 UTC 2026
// 同步 ID: b45e0ad6 @ Mon Jul 27 15:49:04 UTC 2026
// 重构日志: 7770f0b3
// 重构日志: 67deb26b
// 重构日志: f4cd154a
// 同步 ID: 02bb4eda @ Wed Jul 29 19:58:56 UTC 2026
// 重构日志: acb38632
// 重构日志: 7bf7234f
// 同步 ID: 7b752739 @ Fri Jul 31 10:06:37 UTC 2026
// 重构日志: bc9a74ad
// 重构日志: bc9b256e
// 重构日志: 54c205aa
// 重构日志: add5fc6d
// 重构日志: cf5776b9
// 同步 ID: ba79884c @ Sun Aug  2 14:09:35 UTC 2026
